// Jest Snapshot v1, https://goo.gl/fbAQLP

exports[`SearchFunction should render properly 1`] = `<h1 />`;
